Component: ARM Compiler 5.06 update 4 (build 422) Tool: armlink [4d35d2]

==============================================================================

Section Cross References

    main.o(.text) refers to ffltui.o(.text) for __aeabi_ui2f
    main.o(.text) refers to fdiv.o(.text) for __aeabi_fdiv
    main.o(.text) refers to fmul.o(.text) for __aeabi_fmul
    main.o(.text) refers to f2d.o(.text) for __aeabi_f2d
    main.o(.text) refers to ddiv.o(.text) for __aeabi_ddiv
    main.o(.text) refers to d2f.o(.text) for __aeabi_d2f
    main.o(.text) refers to ffixui.o(.text) for __aeabi_f2uiz
    main.o(.text) refers to stm32f10x_tim.o(.text) for TIM_SetCompare1
    main.o(.text) refers to delay.o(.text) for delay_init
    main.o(.text) refers to usart.o(.text) for uart_init
    main.o(.text) refers to key.o(.text) for KEY_Init
    main.o(.text) refers to misc.o(.text) for NVIC_PriorityGroupConfig
    main.o(.text) refers to pwm_cap.o(.text) for TIM2_Init
    main.o(.text) refers to pwm.o(.text) for TIM3_Init
    main.o(.text) refers to can.o(.text) for CAN_Mode_Init
    main.o(.text) refers to watchdog.o(.text) for IWDG_Init
    main.o(.text) refers to main.o(.data) for TIM7_INIT_COUNT
    main.o(.text) refers to key.o(.data) for fbits
    system_stm32f10x.o(.text) refers to system_stm32f10x.o(.data) for SystemCoreClock
    led.o(.text) refers to stm32f10x_rcc.o(.text) for RCC_APB2PeriphClockCmd
    led.o(.text) refers to stm32f10x_gpio.o(.text) for GPIO_Init
    pwm.o(.text) refers to stm32f10x_gpio.o(.text) for GPIO_Init
    pwm.o(.text) refers to stm32f10x_rcc.o(.text) for RCC_APB1PeriphClockCmd
    pwm.o(.text) refers to stm32f10x_tim.o(.text) for TIM_TimeBaseInit
    pwm.o(.text) refers to misc.o(.text) for NVIC_Init
    pwm.o(.text) refers to key.o(.text) for ReadKeyValue
    pwm.o(.text) refers to pwm.o(.data) for mos_out_gpio
    pwm.o(.text) refers to key.o(.data) for fbits
    pwm.o(.text) refers to pwm_cap.o(.data) for key_PRM_Count
    can.o(.text) refers to stm32f10x_rcc.o(.text) for RCC_APB2PeriphClockCmd
    can.o(.text) refers to stm32f10x_gpio.o(.text) for GPIO_Init
    can.o(.text) refers to stm32f10x_can.o(.text) for CAN_Init
    can.o(.text) refers to misc.o(.text) for NVIC_Init
    can.o(.text) refers to malloc.o(i.malloc) for malloc
    can.o(.text) refers to malloc.o(i.free) for free
    can.o(.text) refers to main.o(.data) for SIMU_ARRY
    can.o(.text) refers to can.o(.data) for arrycount
    can.o(.text) refers to key.o(.data) for fbits
    pwm_cap.o(.text) refers to stm32f10x_rcc.o(.text) for RCC_APB1PeriphClockCmd
    pwm_cap.o(.text) refers to stm32f10x_tim.o(.text) for TIM_TimeBaseInit
    pwm_cap.o(.text) refers to misc.o(.text) for NVIC_Init
    pwm_cap.o(.text) refers to can.o(.text) for Can_Send_Msg
    pwm_cap.o(.text) refers to stm32f10x_gpio.o(.text) for GPIO_SetBits
    pwm_cap.o(.text) refers to pwm_cap.o(.data) for Timer2_Counter
    pwm_cap.o(.text) refers to pwm.o(.data) for FAN_ZHUAN_FLAG
    key.o(.text) refers to stm32f10x_rcc.o(.text) for RCC_APB2PeriphClockCmd
    key.o(.text) refers to stm32f10x_gpio.o(.text) for GPIO_PinRemapConfig
    key.o(.text) refers to stm32f10x_tim.o(.text) for TIM_Cmd
    key.o(.text) refers to key.o(.data) for Key_State
    watchdog.o(.text) refers to stm32f10x_iwdg.o(.text) for IWDG_WriteAccessCmd
    delay.o(.text) refers to misc.o(.text) for SysTick_CLKSourceConfig
    delay.o(.text) refers to system_stm32f10x.o(.data) for SystemCoreClock
    delay.o(.text) refers to delay.o(.data) for fac_us
    usart.o(.text) refers to stm32f10x_rcc.o(.text) for RCC_APB2PeriphClockCmd
    usart.o(.text) refers to stm32f10x_gpio.o(.text) for GPIO_Init
    usart.o(.text) refers to misc.o(.text) for NVIC_Init
    usart.o(.text) refers to stm32f10x_usart.o(.text) for USART_Init
    usart.o(.text) refers to usart.o(.data) for USART_RX_STA
    usart.o(.text) refers to usart.o(.bss) for USART_RX_BUF
    startup_stm32f10x_hd.o(RESET) refers to startup_stm32f10x_hd.o(STACK) for __initial_sp
    startup_stm32f10x_hd.o(RESET) refers to startup_stm32f10x_hd.o(.text) for Reset_Handler
    startup_stm32f10x_hd.o(RESET) refers to stm32f10x_it.o(.text) for NMI_Handler
    startup_stm32f10x_hd.o(RESET) refers to can.o(.text) for USB_LP_CAN1_RX0_IRQHandler
    startup_stm32f10x_hd.o(RESET) refers to pwm_cap.o(.text) for TIM2_IRQHandler
    startup_stm32f10x_hd.o(RESET) refers to pwm.o(.text) for TIM3_IRQHandler
    startup_stm32f10x_hd.o(RESET) refers to usart.o(.text) for USART3_IRQHandler
    startup_stm32f10x_hd.o(.text) refers to system_stm32f10x.o(.text) for SystemInit
    startup_stm32f10x_hd.o(.text) refers to entry.o(.ARM.Collect$$$$00000000) for __main
    stm32f10x_gpio.o(.text) refers to stm32f10x_rcc.o(.text) for RCC_APB2PeriphResetCmd
    stm32f10x_rcc.o(.text) refers to stm32f10x_rcc.o(.data) for APBAHBPrescTable
    stm32f10x_usart.o(.text) refers to stm32f10x_rcc.o(.text) for RCC_APB2PeriphResetCmd
    stm32f10x_tim.o(.text) refers to stm32f10x_rcc.o(.text) for RCC_APB2PeriphResetCmd
    stm32f10x_can.o(.text) refers to stm32f10x_rcc.o(.text) for RCC_APB1PeriphResetCmd
    entry.o(.ARM.Collect$$$$00000000) refers (Special) to entry10a.o(.ARM.Collect$$$$0000000D) for __rt_final_cpp
    entry.o(.ARM.Collect$$$$00000000) refers (Special) to entry11a.o(.ARM.Collect$$$$0000000F) for __rt_final_exit
    entry.o(.ARM.Collect$$$$00000000) refers (Special) to entry7b.o(.ARM.Collect$$$$00000008) for _main_clock
    entry.o(.ARM.Collect$$$$00000000) refers (Special) to entry8b.o(.ARM.Collect$$$$0000000A) for _main_cpp_init
    entry.o(.ARM.Collect$$$$00000000) refers (Special) to entry9a.o(.ARM.Collect$$$$0000000B) for _main_init
    entry.o(.ARM.Collect$$$$00000000) refers (Special) to entry5.o(.ARM.Collect$$$$00000004) for _main_scatterload
    entry.o(.ARM.Collect$$$$00000000) refers (Special) to entry2.o(.ARM.Collect$$$$00000001) for _main_stk
    malloc.o(i.free) refers to mvars.o(.data) for __microlib_freelist
    malloc.o(i.malloc) refers to mvars.o(.data) for __microlib_freelist_initialised
    malloc.o(i.malloc) refers to mvars.o(.data) for __microlib_freelist
    malloc.o(i.malloc) refers to startup_stm32f10x_hd.o(HEAP) for __heap_base
    mallocr.o(i.__free$realloc) refers to mvars.o(.data) for __microlib_freelist
    mallocr.o(i.__malloc$realloc) refers to mallocr.o(i.internal_alloc) for internal_alloc
    mallocr.o(i.__malloc$realloc) refers to mvars.o(.data) for __microlib_freelist_initialised
    mallocr.o(i.__malloc$realloc) refers to startup_stm32f10x_hd.o(HEAP) for __heap_base
    mallocr.o(i.__malloc$realloc) refers to mvars.o(.data) for __microlib_freelist
    mallocr.o(i.internal_alloc) refers to memcpya.o(.text) for __aeabi_memcpy
    mallocr.o(i.internal_alloc) refers to mvars.o(.data) for __microlib_freelist
    mallocr.o(i.realloc) refers to mallocr.o(i.__free$realloc) for __free$realloc
    mallocr.o(i.realloc) refers to mallocr.o(i.internal_alloc) for internal_alloc
    mallocr.o(i.realloc) refers to mallocr.o(i.__malloc$realloc) for __malloc$realloc
    mallocr.o(i.realloc) refers to mvars.o(.data) for __microlib_freelist
    malloca.o(i.__aligned_malloc) refers to mvars.o(.data) for __microlib_freelist_initialised
    malloca.o(i.__aligned_malloc) refers to mvars.o(.data) for __microlib_freelist
    malloca.o(i.__aligned_malloc) refers to startup_stm32f10x_hd.o(HEAP) for __heap_base
    malloca.o(i.__free$memalign) refers to mvars.o(.data) for __microlib_freelist
    malloca.o(i.__malloc$memalign) refers to malloca.o(i.__aligned_malloc) for __aligned_malloc
    mallocra.o(i.__aligned_malloc$realloc) refers to mallocra.o(i.internal_alloc) for internal_alloc
    mallocra.o(i.__aligned_malloc$realloc) refers to mvars.o(.data) for __microlib_freelist_initialised
    mallocra.o(i.__aligned_malloc$realloc) refers to startup_stm32f10x_hd.o(HEAP) for __heap_base
    mallocra.o(i.__aligned_malloc$realloc) refers to mvars.o(.data) for __microlib_freelist
    mallocra.o(i.__free$realloc$memalign) refers to mvars.o(.data) for __microlib_freelist
    mallocra.o(i.__malloc$realloc$memalign) refers to mallocra.o(i.__aligned_malloc$realloc) for __aligned_malloc$realloc
    mallocra.o(i.__realloc$memalign) refers to mallocra.o(i.__free$realloc$memalign) for __free$realloc$memalign
    mallocra.o(i.__realloc$memalign) refers to mallocra.o(i.internal_alloc) for internal_alloc
    mallocra.o(i.__realloc$memalign) refers to mallocra.o(i.__malloc$realloc$memalign) for __malloc$realloc$memalign
    mallocra.o(i.__realloc$memalign) refers to mvars.o(.data) for __microlib_freelist
    mallocra.o(i.internal_alloc) refers to memcpya.o(.text) for __aeabi_memcpy
    mallocra.o(i.internal_alloc) refers to mvars.o(.data) for __microlib_freelist
    fmul.o(.text) refers (Special) to iusefp.o(.text) for __I$use$fp
    fdiv.o(.text) refers (Special) to iusefp.o(.text) for __I$use$fp
    fdiv.o(.text) refers to fepilogue.o(.text) for _float_round
    ddiv.o(.text) refers (Special) to iusefp.o(.text) for __I$use$fp
    ddiv.o(.text) refers to depilogue.o(.text) for _double_round
    ffltui.o(.text) refers (Special) to iusefp.o(.text) for __I$use$fp
    ffltui.o(.text) refers to fepilogue.o(.text) for _float_epilogue
    ffixui.o(.text) refers (Special) to iusefp.o(.text) for __I$use$fp
    f2d.o(.text) refers (Special) to iusefp.o(.text) for __I$use$fp
    d2f.o(.text) refers (Special) to iusefp.o(.text) for __I$use$fp
    d2f.o(.text) refers to fepilogue.o(.text) for _float_round
    entry2.o(.ARM.Collect$$$$00000001) refers to entry2.o(.ARM.Collect$$$$00002712) for __lit__00000000
    entry2.o(.ARM.Collect$$$$00002712) refers to startup_stm32f10x_hd.o(STACK) for __initial_sp
    entry2.o(__vectab_stack_and_reset_area) refers to startup_stm32f10x_hd.o(STACK) for __initial_sp
    entry2.o(__vectab_stack_and_reset_area) refers to entry.o(.ARM.Collect$$$$00000000) for __main
    entry5.o(.ARM.Collect$$$$00000004) refers to init.o(.text) for __scatterload
    entry9a.o(.ARM.Collect$$$$0000000B) refers to main.o(.text) for main
    entry9b.o(.ARM.Collect$$$$0000000C) refers to main.o(.text) for main
    depilogue.o(.text) refers to llshl.o(.text) for __aeabi_llsl
    depilogue.o(.text) refers to llushr.o(.text) for __aeabi_llsr
    init.o(.text) refers to entry5.o(.ARM.Collect$$$$00000004) for __main_after_scatterload


==============================================================================

Removing Unused input sections from the image.

    Removing main.o(.bss), (20 bytes).
    Removing led.o(.text), (264 bytes).
    Removing can.o(.bss), (20 bytes).
    Removing sys.o(.emb_text), (6 bytes).
    Removing sys.o(.text), (12 bytes).
    Removing core_cm3.o(.emb_text), (32 bytes).

6 unused section(s) (total 354 bytes) removed from the image.

==============================================================================

Image Symbol Table

    Local Symbols

    Symbol Name                              Value     Ov Type        Size  Object(Section)

    ../clib/../cmprslib/zerorunl2.c          0x00000000   Number         0  __dczerorl2.o ABSOLUTE
    ../clib/microlib/init/entry.s            0x00000000   Number         0  entry10b.o ABSOLUTE
    ../clib/microlib/init/entry.s            0x00000000   Number         0  entry.o ABSOLUTE
    ../clib/microlib/init/entry.s            0x00000000   Number         0  entry11a.o ABSOLUTE
    ../clib/microlib/init/entry.s            0x00000000   Number         0  entry11b.o ABSOLUTE
    ../clib/microlib/init/entry.s            0x00000000   Number         0  entry8a.o ABSOLUTE
    ../clib/microlib/init/entry.s            0x00000000   Number         0  entry2.o ABSOLUTE
    ../clib/microlib/init/entry.s            0x00000000   Number         0  entry5.o ABSOLUTE
    ../clib/microlib/init/entry.s            0x00000000   Number         0  entry7a.o ABSOLUTE
    ../clib/microlib/init/entry.s            0x00000000   Number         0  entry7b.o ABSOLUTE
    ../clib/microlib/init/entry.s            0x00000000   Number         0  entry8b.o ABSOLUTE
    ../clib/microlib/init/entry.s            0x00000000   Number         0  entry9a.o ABSOLUTE
    ../clib/microlib/init/entry.s            0x00000000   Number         0  entry9b.o ABSOLUTE
    ../clib/microlib/init/entry.s            0x00000000   Number         0  entry10a.o ABSOLUTE
    ../clib/microlib/longlong.c              0x00000000   Number         0  llshl.o ABSOLUTE
    ../clib/microlib/longlong.c              0x00000000   Number         0  llushr.o ABSOLUTE
    ../clib/microlib/malloc/malloc.c         0x00000000   Number         0  malloc.o ABSOLUTE
    ../clib/microlib/malloc/malloc.c         0x00000000   Number         0  malloca.o ABSOLUTE
    ../clib/microlib/malloc/malloc.c         0x00000000   Number         0  mallocra.o ABSOLUTE
    ../clib/microlib/malloc/malloc.c         0x00000000   Number         0  mallocr.o ABSOLUTE
    ../clib/microlib/malloc/mvars.c          0x00000000   Number         0  mvars.o ABSOLUTE
    ../clib/microlib/string/memcpy.c         0x00000000   Number         0  memcpyb.o ABSOLUTE
    ../clib/microlib/string/memcpy.c         0x00000000   Number         0  memcpya.o ABSOLUTE
    ../clib/microlib/stubs.s                 0x00000000   Number         0  iusefp.o ABSOLUTE
    ../clib/microlib/stubs.s                 0x00000000   Number         0  useno.o ABSOLUTE
    ../fplib/microlib/d2f.c                  0x00000000   Number         0  d2f.o ABSOLUTE
    ../fplib/microlib/f2d.c                  0x00000000   Number         0  f2d.o ABSOLUTE
    ../fplib/microlib/fpdiv.c                0x00000000   Number         0  fdiv.o ABSOLUTE
    ../fplib/microlib/fpdiv.c                0x00000000   Number         0  ddiv.o ABSOLUTE
    ../fplib/microlib/fpepilogue.c           0x00000000   Number         0  depilogue.o ABSOLUTE
    ../fplib/microlib/fpepilogue.c           0x00000000   Number         0  fepilogue.o ABSOLUTE
    ../fplib/microlib/fpfix.c                0x00000000   Number         0  ffixui.o ABSOLUTE
    ../fplib/microlib/fpflt.c                0x00000000   Number         0  ffltui.o ABSOLUTE
    ../fplib/microlib/fpmul.c                0x00000000   Number         0  fmul.o ABSOLUTE
    ..\CORE\core_cm3.c                       0x00000000   Number         0  core_cm3.o ABSOLUTE
    ..\CORE\startup_stm32f10x_hd.s           0x00000000   Number         0  startup_stm32f10x_hd.o ABSOLUTE
    ..\HARDWARE\CAN\can.c                    0x00000000   Number         0  can.o ABSOLUTE
    ..\HARDWARE\KEY\key.c                    0x00000000   Number         0  key.o ABSOLUTE
    ..\HARDWARE\LED\led.c                    0x00000000   Number         0  led.o ABSOLUTE
    ..\HARDWARE\PWM\pwm.c                    0x00000000   Number         0  pwm.o ABSOLUTE
    ..\HARDWARE\PWM_CAP\pwm_cap.c            0x00000000   Number         0  pwm_cap.o ABSOLUTE
    ..\HARDWARE\WATCHDOG\watchdog.c          0x00000000   Number         0  watchdog.o ABSOLUTE
    ..\STM32F10x_FWLib\src\misc.c            0x00000000   Number         0  misc.o ABSOLUTE
    ..\STM32F10x_FWLib\src\stm32f10x_can.c   0x00000000   Number         0  stm32f10x_can.o ABSOLUTE
    ..\STM32F10x_FWLib\src\stm32f10x_gpio.c  0x00000000   Number         0  stm32f10x_gpio.o ABSOLUTE
    ..\STM32F10x_FWLib\src\stm32f10x_iwdg.c  0x00000000   Number         0  stm32f10x_iwdg.o ABSOLUTE
    ..\STM32F10x_FWLib\src\stm32f10x_rcc.c   0x00000000   Number         0  stm32f10x_rcc.o ABSOLUTE
    ..\STM32F10x_FWLib\src\stm32f10x_tim.c   0x00000000   Number         0  stm32f10x_tim.o ABSOLUTE
    ..\STM32F10x_FWLib\src\stm32f10x_usart.c 0x00000000   Number         0  stm32f10x_usart.o ABSOLUTE
    ..\SYSTEM\delay\delay.c                  0x00000000   Number         0  delay.o ABSOLUTE
    ..\SYSTEM\sys\sys.c                      0x00000000   Number         0  sys.o ABSOLUTE
    ..\SYSTEM\usart\usart.c                  0x00000000   Number         0  usart.o ABSOLUTE
    ..\\CORE\\core_cm3.c                     0x00000000   Number         0  core_cm3.o ABSOLUTE
    ..\\SYSTEM\\sys\\sys.c                   0x00000000   Number         0  sys.o ABSOLUTE
    dc.s                                     0x00000000   Number         0  dc.o ABSOLUTE
    handlers.s                               0x00000000   Number         0  handlers.o ABSOLUTE
    init.s                                   0x00000000   Number         0  init.o ABSOLUTE
    main.c                                   0x00000000   Number         0  main.o ABSOLUTE
    stm32f10x_it.c                           0x00000000   Number         0  stm32f10x_it.o ABSOLUTE
    system_stm32f10x.c                       0x00000000   Number         0  system_stm32f10x.o ABSOLUTE
    RESET                                    0x08000000   Section      304  startup_stm32f10x_hd.o(RESET)
    .ARM.Collect$$$$00000000                 0x08000130   Section        0  entry.o(.ARM.Collect$$$$00000000)
    .ARM.Collect$$$$00000001                 0x08000130   Section        4  entry2.o(.ARM.Collect$$$$00000001)
    .ARM.Collect$$$$00000004                 0x08000134   Section        4  entry5.o(.ARM.Collect$$$$00000004)
    .ARM.Collect$$$$00000008                 0x08000138   Section        0  entry7b.o(.ARM.Collect$$$$00000008)
    .ARM.Collect$$$$0000000A                 0x08000138   Section        0  entry8b.o(.ARM.Collect$$$$0000000A)
    .ARM.Collect$$$$0000000B                 0x08000138   Section        8  entry9a.o(.ARM.Collect$$$$0000000B)
    .ARM.Collect$$$$0000000D                 0x08000140   Section        0  entry10a.o(.ARM.Collect$$$$0000000D)
    .ARM.Collect$$$$0000000F                 0x08000140   Section        0  entry11a.o(.ARM.Collect$$$$0000000F)
    .ARM.Collect$$$$00002712                 0x08000140   Section        4  entry2.o(.ARM.Collect$$$$00002712)
    __lit__00000000                          0x08000140   Data           4  entry2.o(.ARM.Collect$$$$00002712)
    .text                                    0x08000144   Section        0  main.o(.text)
    .text                                    0x08000284   Section        0  stm32f10x_it.o(.text)
    .text                                    0x080002a0   Section        0  system_stm32f10x.o(.text)
    SetSysClockTo72                          0x080002a1   Thumb Code   214  system_stm32f10x.o(.text)
    SetSysClock                              0x08000377   Thumb Code     8  system_stm32f10x.o(.text)
    .text                                    0x08000480   Section        0  pwm.o(.text)
    .text                                    0x08000b38   Section        0  can.o(.text)
    .text                                    0x08000da4   Section        0  pwm_cap.o(.text)
    .text                                    0x08000ee0   Section        0  key.o(.text)
    .text                                    0x08001224   Section        0  watchdog.o(.text)
    .text                                    0x08001250   Section        0  delay.o(.text)
    .text                                    0x08001324   Section        0  usart.o(.text)
    .text                                    0x08001468   Section       36  startup_stm32f10x_hd.o(.text)
    .text                                    0x0800148c   Section        0  stm32f10x_gpio.o(.text)
    .text                                    0x080017e8   Section        0  stm32f10x_rcc.o(.text)
    .text                                    0x08001b8c   Section        0  stm32f10x_usart.o(.text)
    .text                                    0x08001f94   Section        0  misc.o(.text)
    .text                                    0x08002070   Section        0  stm32f10x_tim.o(.text)
    TI4_Config                               0x08002517   Thumb Code   130  stm32f10x_tim.o(.text)
    TI3_Config                               0x080025ab   Thumb Code   122  stm32f10x_tim.o(.text)
    TI2_Config                               0x0800263f   Thumb Code   130  stm32f10x_tim.o(.text)
    TI1_Config                               0x080026d3   Thumb Code   108  stm32f10x_tim.o(.text)
    .text                                    0x08002e8c   Section        0  stm32f10x_can.o(.text)
    CheckITStatus                            0x0800368f   Thumb Code    18  stm32f10x_can.o(.text)
    .text                                    0x0800387c   Section        0  stm32f10x_iwdg.o(.text)
    .text                                    0x080038bc   Section        0  fmul.o(.text)
    .text                                    0x08003920   Section        0  fdiv.o(.text)
    .text                                    0x0800399c   Section        0  ddiv.o(.text)
    .text                                    0x08003a7a   Section        0  ffltui.o(.text)
    .text                                    0x08003a84   Section        0  ffixui.o(.text)
    .text                                    0x08003aac   Section        0  f2d.o(.text)
    .text                                    0x08003ad2   Section        0  d2f.o(.text)
    .text                                    0x08003b0a   Section        0  fepilogue.o(.text)
    .text                                    0x08003b0a   Section        0  iusefp.o(.text)
    .text                                    0x08003b78   Section        0  depilogue.o(.text)
    .text                                    0x08003c34   Section       36  init.o(.text)
    .text                                    0x08003c58   Section        0  llshl.o(.text)
    .text                                    0x08003c76   Section        0  llushr.o(.text)
    .text                                    0x08003c96   Section        0  __dczerorl2.o(.text)
    i.__scatterload_copy                     0x08003cec   Section       14  handlers.o(i.__scatterload_copy)
    i.__scatterload_null                     0x08003cfa   Section        2  handlers.o(i.__scatterload_null)
    i.__scatterload_zeroinit                 0x08003cfc   Section       14  handlers.o(i.__scatterload_zeroinit)
    i.free                                   0x08003d0c   Section        0  malloc.o(i.free)
    i.malloc                                 0x08003d5c   Section        0  malloc.o(i.malloc)
    .data                                    0x20000000   Section      349  main.o(.data)
    .data                                    0x20000160   Section       20  system_stm32f10x.o(.data)
    .data                                    0x20000174   Section      112  pwm.o(.data)
    .data                                    0x200001e4   Section       10  can.o(.data)
    .data                                    0x200001ee   Section       28  pwm_cap.o(.data)
    .data                                    0x2000020a   Section        9  key.o(.data)
    Key_State                                0x2000020e   Data           1  key.o(.data)
    Key_LongCheck                            0x20000210   Data           2  key.o(.data)
    Key_Prev                                 0x20000212   Data           1  key.o(.data)
    .data                                    0x20000214   Section        4  delay.o(.data)
    fac_us                                   0x20000214   Data           1  delay.o(.data)
    fac_ms                                   0x20000216   Data           2  delay.o(.data)
    .data                                    0x20000218   Section        6  usart.o(.data)
    .data                                    0x2000021e   Section       20  stm32f10x_rcc.o(.data)
    APBAHBPrescTable                         0x2000021e   Data          16  stm32f10x_rcc.o(.data)
    ADCPrescTable                            0x2000022e   Data           4  stm32f10x_rcc.o(.data)
    .data                                    0x20000234   Section        4  mvars.o(.data)
    .data                                    0x20000238   Section        4  mvars.o(.data)
    .bss                                     0x2000023c   Section      200  usart.o(.bss)
    HEAP                                     0x20000308   Section      512  startup_stm32f10x_hd.o(HEAP)
    STACK                                    0x20000508   Section     1024  startup_stm32f10x_hd.o(STACK)

    Global Symbols

    Symbol Name                              Value     Ov Type        Size  Object(Section)

    BuildAttributes$$THM_ISAv4$P$D$K$B$S$PE$A:L22UL41UL21$X:L11$S22US41US21$IEEE1$IW$USESV6$~STKCKD$USESV7$~SHL$OTIME$ROPI$EBA8$MICROLIB$REQ8$PRES8$EABIv2 0x00000000   Number         0  anon$$obj.o ABSOLUTE
    __ARM_use_no_argv                        0x00000000   Number         0  main.o ABSOLUTE
    __use_no_errno                           0x00000000   Number         0  useno.o ABSOLUTE
    __use_no_exception_handling              0x00000000   Number         0  useno.o ABSOLUTE
    __use_no_fp                              0x00000000   Number         0  useno.o ABSOLUTE
    __use_no_heap                            0x00000000   Number         0  useno.o ABSOLUTE
    __use_no_heap_region                     0x00000000   Number         0  useno.o ABSOLUTE
    __use_no_semihosting                     0x00000000   Number         0  useno.o ABSOLUTE
    __use_no_semihosting_swi                 0x00000000   Number         0  useno.o ABSOLUTE
    __use_no_signal_handling                 0x00000000   Number         0  useno.o ABSOLUTE
    __cpp_initialize__aeabi_                  - Undefined Weak Reference
    __cxa_finalize                            - Undefined Weak Reference
    _clock_init                               - Undefined Weak Reference
    _microlib_exit                            - Undefined Weak Reference
    __Vectors_Size                           0x00000130   Number         0  startup_stm32f10x_hd.o ABSOLUTE
    __Vectors                                0x08000000   Data           4  startup_stm32f10x_hd.o(RESET)
    __Vectors_End                            0x08000130   Data           0  startup_stm32f10x_hd.o(RESET)
    __main                                   0x08000131   Thumb Code     0  entry.o(.ARM.Collect$$$$00000000)
    _main_stk                                0x08000131   Thumb Code     0  entry2.o(.ARM.Collect$$$$00000001)
    _main_scatterload                        0x08000135   Thumb Code     0  entry5.o(.ARM.Collect$$$$00000004)
    __main_after_scatterload                 0x08000139   Thumb Code     0  entry5.o(.ARM.Collect$$$$00000004)
    _main_clock                              0x08000139   Thumb Code     0  entry7b.o(.ARM.Collect$$$$00000008)
    _main_cpp_init                           0x08000139   Thumb Code     0  entry8b.o(.ARM.Collect$$$$0000000A)
    _main_init                               0x08000139   Thumb Code     0  entry9a.o(.ARM.Collect$$$$0000000B)
    __rt_final_cpp                           0x08000141   Thumb Code     0  entry10a.o(.ARM.Collect$$$$0000000D)
    __rt_final_exit                          0x08000141   Thumb Code     0  entry11a.o(.ARM.Collect$$$$0000000F)
    PWM_DAC1_Set                             0x08000145   Thumb Code    80  main.o(.text)
    main                                     0x08000195   Thumb Code   210  main.o(.text)
    NMI_Handler                              0x08000285   Thumb Code     2  stm32f10x_it.o(.text)
    HardFault_Handler                        0x08000287   Thumb Code     4  stm32f10x_it.o(.text)
    MemManage_Handler                        0x0800028b   Thumb Code     4  stm32f10x_it.o(.text)
    BusFault_Handler                         0x0800028f   Thumb Code     4  stm32f10x_it.o(.text)
    UsageFault_Handler                       0x08000293   Thumb Code     4  stm32f10x_it.o(.text)
    SVC_Handler                              0x08000297   Thumb Code     2  stm32f10x_it.o(.text)
    DebugMon_Handler                         0x08000299   Thumb Code     2  stm32f10x_it.o(.text)
    PendSV_Handler                           0x0800029b   Thumb Code     2  stm32f10x_it.o(.text)
    SysTick_Handler                          0x0800029d   Thumb Code     2  stm32f10x_it.o(.text)
    SystemInit                               0x0800037f   Thumb Code    78  system_stm32f10x.o(.text)
    SystemCoreClockUpdate                    0x080003cd   Thumb Code   142  system_stm32f10x.o(.text)
    mos_out_gpio_init                        0x08000481   Thumb Code    70  pwm.o(.text)
    TIM3_Init                                0x080004c7   Thumb Code   172  pwm.o(.text)
    TIM4_Init                                0x08000573   Thumb Code    90  pwm.o(.text)
    TIM5_Init                                0x080005cd   Thumb Code    82  pwm.o(.text)
    TIM6_Init                                0x0800061f   Thumb Code    82  pwm.o(.text)
    TIM7_Init                                0x08000671   Thumb Code    94  pwm.o(.text)
    TIM3_IRQHandler                          0x080006cf   Thumb Code   230  pwm.o(.text)
    TIM4_IRQHandler                          0x080007b5   Thumb Code   476  pwm.o(.text)
    TIM5_IRQHandler                          0x08000991   Thumb Code   206  pwm.o(.text)
    TIM6_IRQHandler                          0x08000a5f   Thumb Code    78  pwm.o(.text)
    TIM7_IRQHandler                          0x08000aad   Thumb Code   102  pwm.o(.text)
    CAN_Mode_Init                            0x08000b39   Thumb Code   246  can.o(.text)
    Can_Send_Msg                             0x08000c2f   Thumb Code   246  can.o(.text)
    USB_LP_CAN1_RX0_IRQHandler               0x08000d25   Thumb Code    40  can.o(.text)
    Can_Receive_Msg                          0x08000d4d   Thumb Code    58  can.o(.text)
    TIM2_Init                                0x08000da5   Thumb Code    84  pwm_cap.o(.text)
    TIM2_IRQHandler                          0x08000df9   Thumb Code   216  pwm_cap.o(.text)
    KEY_Init                                 0x08000ee1   Thumb Code   196  key.o(.text)
    Get_Key                                  0x08000fa5   Thumb Code    38  key.o(.text)
    ReadKeyValue                             0x08000fcb   Thumb Code   176  key.o(.text)
    check_hit                                0x0800107b   Thumb Code   236  key.o(.text)
    hit_process                              0x08001167   Thumb Code   146  key.o(.text)
    IWDG_Init                                0x08001225   Thumb Code    36  watchdog.o(.text)
    IWDG_Feed                                0x08001249   Thumb Code     8  watchdog.o(.text)
    delay_init                               0x08001251   Thumb Code    50  delay.o(.text)
    delay_us                                 0x08001283   Thumb Code    72  delay.o(.text)
    delay_ms                                 0x080012cb   Thumb Code    72  delay.o(.text)
    _sys_exit                                0x08001325   Thumb Code     6  usart.o(.text)
    fputc                                    0x0800132b   Thumb Code    24  usart.o(.text)
    uart_init                                0x08001343   Thumb Code   156  usart.o(.text)
    USART3_IRQHandler                        0x080013df   Thumb Code   122  usart.o(.text)
    Reset_Handler                            0x08001469   Thumb Code     8  startup_stm32f10x_hd.o(.text)
    ADC1_2_IRQHandler                        0x08001483   Thumb Code     0  startup_stm32f10x_hd.o(.text)
    ADC3_IRQHandler                          0x08001483   Thumb Code     0  startup_stm32f10x_hd.o(.text)
    CAN1_RX1_IRQHandler                      0x08001483   Thumb Code     0  startup_stm32f10x_hd.o(.text)
    CAN1_SCE_IRQHandler                      0x08001483   Thumb Code     0  startup_stm32f10x_hd.o(.text)
    DMA1_Channel1_IRQHandler                 0x08001483   Thumb Code     0  startup_stm32f10x_hd.o(.text)
    DMA1_Channel2_IRQHandler                 0x08001483   Thumb Code     0  startup_stm32f10x_hd.o(.text)
    DMA1_Channel3_IRQHandler                 0x08001483   Thumb Code     0  startup_stm32f10x_hd.o(.text)
    DMA1_Channel4_IRQHandler                 0x08001483   Thumb Code     0  startup_stm32f10x_hd.o(.text)
    DMA1_Channel5_IRQHandler                 0x08001483   Thumb Code     0  startup_stm32f10x_hd.o(.text)
    DMA1_Channel6_IRQHandler                 0x08001483   Thumb Code     0  startup_stm32f10x_hd.o(.text)
    DMA1_Channel7_IRQHandler                 0x08001483   Thumb Code     0  startup_stm32f10x_hd.o(.text)
    DMA2_Channel1_IRQHandler                 0x08001483   Thumb Code     0  startup_stm32f10x_hd.o(.text)
    DMA2_Channel2_IRQHandler                 0x08001483   Thumb Code     0  startup_stm32f10x_hd.o(.text)
    DMA2_Channel3_IRQHandler                 0x08001483   Thumb Code     0  startup_stm32f10x_hd.o(.text)
    DMA2_Channel4_5_IRQHandler               0x08001483   Thumb Code     0  startup_stm32f10x_hd.o(.text)
    EXTI0_IRQHandler                         0x08001483   Thumb Code     0  startup_stm32f10x_hd.o(.text)
    EXTI15_10_IRQHandler                     0x08001483   Thumb Code     0  startup_stm32f10x_hd.o(.text)
    EXTI1_IRQHandler                         0x08001483   Thumb Code     0  startup_stm32f10x_hd.o(.text)
    EXTI2_IRQHandler                         0x08001483   Thumb Code     0  startup_stm32f10x_hd.o(.text)
    EXTI3_IRQHandler                         0x08001483   Thumb Code     0  startup_stm32f10x_hd.o(.text)
    EXTI4_IRQHandler                         0x08001483   Thumb Code     0  startup_stm32f10x_hd.o(.text)
    EXTI9_5_IRQHandler                       0x08001483   Thumb Code     0  startup_stm32f10x_hd.o(.text)
    FLASH_IRQHandler                         0x08001483   Thumb Code     0  startup_stm32f10x_hd.o(.text)
    FSMC_IRQHandler                          0x08001483   Thumb Code     0  startup_stm32f10x_hd.o(.text)
    I2C1_ER_IRQHandler                       0x08001483   Thumb Code     0  startup_stm32f10x_hd.o(.text)
    I2C1_EV_IRQHandler                       0x08001483   Thumb Code     0  startup_stm32f10x_hd.o(.text)
    I2C2_ER_IRQHandler                       0x08001483   Thumb Code     0  startup_stm32f10x_hd.o(.text)
    I2C2_EV_IRQHandler                       0x08001483   Thumb Code     0  startup_stm32f10x_hd.o(.text)
    PVD_IRQHandler                           0x08001483   Thumb Code     0  startup_stm32f10x_hd.o(.text)
    RCC_IRQHandler                           0x08001483   Thumb Code     0  startup_stm32f10x_hd.o(.text)
    RTCAlarm_IRQHandler                      0x08001483   Thumb Code     0  startup_stm32f10x_hd.o(.text)
    RTC_IRQHandler                           0x08001483   Thumb Code     0  startup_stm32f10x_hd.o(.text)
    SDIO_IRQHandler                          0x08001483   Thumb Code     0  startup_stm32f10x_hd.o(.text)
    SPI1_IRQHandler                          0x08001483   Thumb Code     0  startup_stm32f10x_hd.o(.text)
    SPI2_IRQHandler                          0x08001483   Thumb Code     0  startup_stm32f10x_hd.o(.text)
    SPI3_IRQHandler                          0x08001483   Thumb Code     0  startup_stm32f10x_hd.o(.text)
    TAMPER_IRQHandler                        0x08001483   Thumb Code     0  startup_stm32f10x_hd.o(.text)
    TIM1_BRK_IRQHandler                      0x08001483   Thumb Code     0  startup_stm32f10x_hd.o(.text)
    TIM1_CC_IRQHandler                       0x08001483   Thumb Code     0  startup_stm32f10x_hd.o(.text)
    TIM1_TRG_COM_IRQHandler                  0x08001483   Thumb Code     0  startup_stm32f10x_hd.o(.text)
    TIM1_UP_IRQHandler                       0x08001483   Thumb Code     0  startup_stm32f10x_hd.o(.text)
    TIM8_BRK_IRQHandler                      0x08001483   Thumb Code     0  startup_stm32f10x_hd.o(.text)
    TIM8_CC_IRQHandler                       0x08001483   Thumb Code     0  startup_stm32f10x_hd.o(.text)
    TIM8_TRG_COM_IRQHandler                  0x08001483   Thumb Code     0  startup_stm32f10x_hd.o(.text)
    TIM8_UP_IRQHandler                       0x08001483   Thumb Code     0  startup_stm32f10x_hd.o(.text)
    UART4_IRQHandler                         0x08001483   Thumb Code     0  startup_stm32f10x_hd.o(.text)
    UART5_IRQHandler                         0x08001483   Thumb Code     0  startup_stm32f10x_hd.o(.text)
    USART1_IRQHandler                        0x08001483   Thumb Code     0  startup_stm32f10x_hd.o(.text)
    USART2_IRQHandler                        0x08001483   Thumb Code     0  startup_stm32f10x_hd.o(.text)
    USBWakeUp_IRQHandler                     0x08001483   Thumb Code     0  startup_stm32f10x_hd.o(.text)
    USB_HP_CAN1_TX_IRQHandler                0x08001483   Thumb Code     0  startup_stm32f10x_hd.o(.text)
    WWDG_IRQHandler                          0x08001483   Thumb Code     0  startup_stm32f10x_hd.o(.text)
    GPIO_DeInit                              0x0800148d   Thumb Code   172  stm32f10x_gpio.o(.text)
    GPIO_AFIODeInit                          0x08001539   Thumb Code    20  stm32f10x_gpio.o(.text)
    GPIO_Init                                0x0800154d   Thumb Code   278  stm32f10x_gpio.o(.text)
    GPIO_StructInit                          0x08001663   Thumb Code    16  stm32f10x_gpio.o(.text)
    GPIO_ReadInputDataBit                    0x08001673   Thumb Code    18  stm32f10x_gpio.o(.text)
    GPIO_ReadInputData                       0x08001685   Thumb Code     8  stm32f10x_gpio.o(.text)
    GPIO_ReadOutputDataBit                   0x0800168d   Thumb Code    18  stm32f10x_gpio.o(.text)
    GPIO_ReadOutputData                      0x0800169f   Thumb Code     8  stm32f10x_gpio.o(.text)
    GPIO_SetBits                             0x080016a7   Thumb Code     4  stm32f10x_gpio.o(.text)
    GPIO_ResetBits                           0x080016ab   Thumb Code     4  stm32f10x_gpio.o(.text)
    GPIO_WriteBit                            0x080016af   Thumb Code    10  stm32f10x_gpio.o(.text)
    GPIO_Write                               0x080016b9   Thumb Code     4  stm32f10x_gpio.o(.text)
    GPIO_PinLockConfig                       0x080016bd   Thumb Code    18  stm32f10x_gpio.o(.text)
    GPIO_EventOutputConfig                   0x080016cf   Thumb Code    26  stm32f10x_gpio.o(.text)
    GPIO_EventOutputCmd                      0x080016e9   Thumb Code     6  stm32f10x_gpio.o(.text)
    GPIO_PinRemapConfig                      0x080016ef   Thumb Code   138  stm32f10x_gpio.o(.text)
    GPIO_EXTILineConfig                      0x08001779   Thumb Code    66  stm32f10x_gpio.o(.text)
    GPIO_ETH_MediaInterfaceConfig            0x080017bb   Thumb Code     8  stm32f10x_gpio.o(.text)
    RCC_DeInit                               0x080017e9   Thumb Code    64  stm32f10x_rcc.o(.text)
    RCC_HSEConfig                            0x08001829   Thumb Code    70  stm32f10x_rcc.o(.text)
    RCC_GetFlagStatus                        0x0800186f   Thumb Code    56  stm32f10x_rcc.o(.text)
    RCC_WaitForHSEStartUp                    0x080018a7   Thumb Code    56  stm32f10x_rcc.o(.text)
    RCC_AdjustHSICalibrationValue            0x080018df   Thumb Code    20  stm32f10x_rcc.o(.text)
    RCC_HSICmd                               0x080018f3   Thumb Code     6  stm32f10x_rcc.o(.text)
    RCC_PLLConfig                            0x080018f9   Thumb Code    24  stm32f10x_rcc.o(.text)
    RCC_PLLCmd                               0x08001911   Thumb Code     6  stm32f10x_rcc.o(.text)
    RCC_SYSCLKConfig                         0x08001917   Thumb Code    18  stm32f10x_rcc.o(.text)
    RCC_GetSYSCLKSource                      0x08001929   Thumb Code    10  stm32f10x_rcc.o(.text)
    RCC_HCLKConfig                           0x08001933   Thumb Code    18  stm32f10x_rcc.o(.text)
    RCC_PCLK1Config                          0x08001945   Thumb Code    18  stm32f10x_rcc.o(.text)
    RCC_PCLK2Config                          0x08001957   Thumb Code    20  stm32f10x_rcc.o(.text)
    RCC_ITConfig                             0x0800196b   Thumb Code    26  stm32f10x_rcc.o(.text)
    RCC_USBCLKConfig                         0x08001985   Thumb Code     8  stm32f10x_rcc.o(.text)
    RCC_ADCCLKConfig                         0x0800198d   Thumb Code    18  stm32f10x_rcc.o(.text)
    RCC_LSEConfig                            0x0800199f   Thumb Code    50  stm32f10x_rcc.o(.text)
    RCC_LSICmd                               0x080019d1   Thumb Code     6  stm32f10x_rcc.o(.text)
    RCC_RTCCLKConfig                         0x080019d7   Thumb Code    12  stm32f10x_rcc.o(.text)
    RCC_RTCCLKCmd                            0x080019e3   Thumb Code     8  stm32f10x_rcc.o(.text)
    RCC_GetClocksFreq                        0x080019eb   Thumb Code   192  stm32f10x_rcc.o(.text)
    RCC_AHBPeriphClockCmd                    0x08001aab   Thumb Code    26  stm32f10x_rcc.o(.text)
    RCC_APB2PeriphClockCmd                   0x08001ac5   Thumb Code    26  stm32f10x_rcc.o(.text)
    RCC_APB1PeriphClockCmd                   0x08001adf   Thumb Code    26  stm32f10x_rcc.o(.text)
    RCC_APB2PeriphResetCmd                   0x08001af9   Thumb Code    26  stm32f10x_rcc.o(.text)
    RCC_APB1PeriphResetCmd                   0x08001b13   Thumb Code    26  stm32f10x_rcc.o(.text)
    RCC_BackupResetCmd                       0x08001b2d   Thumb Code     8  stm32f10x_rcc.o(.text)
    RCC_ClockSecuritySystemCmd               0x08001b35   Thumb Code     6  stm32f10x_rcc.o(.text)
    RCC_MCOConfig                            0x08001b3b   Thumb Code     6  stm32f10x_rcc.o(.text)
    RCC_ClearFlag                            0x08001b41   Thumb Code    14  stm32f10x_rcc.o(.text)
    RCC_GetITStatus                          0x08001b4f   Thumb Code    20  stm32f10x_rcc.o(.text)
    RCC_ClearITPendingBit                    0x08001b63   Thumb Code     6  stm32f10x_rcc.o(.text)
    USART_DeInit                             0x08001b8d   Thumb Code   134  stm32f10x_usart.o(.text)
    USART_Init                               0x08001c13   Thumb Code   210  stm32f10x_usart.o(.text)
    USART_StructInit                         0x08001ce5   Thumb Code    24  stm32f10x_usart.o(.text)
    USART_ClockInit                          0x08001cfd   Thumb Code    34  stm32f10x_usart.o(.text)
    USART_ClockStructInit                    0x08001d1f   Thumb Code    12  stm32f10x_usart.o(.text)
    USART_Cmd                                0x08001d2b   Thumb Code    24  stm32f10x_usart.o(.text)
    USART_ITConfig                           0x08001d43   Thumb Code    74  stm32f10x_usart.o(.text)
    USART_DMACmd                             0x08001d8d   Thumb Code    18  stm32f10x_usart.o(.text)
    USART_SetAddress                         0x08001d9f   Thumb Code    18  stm32f10x_usart.o(.text)
    USART_WakeUpConfig                       0x08001db1   Thumb Code    18  stm32f10x_usart.o(.text)
    USART_ReceiverWakeUpCmd                  0x08001dc3   Thumb Code    24  stm32f10x_usart.o(.text)
    USART_LINBreakDetectLengthConfig         0x08001ddb   Thumb Code    18  stm32f10x_usart.o(.text)
    USART_LINCmd                             0x08001ded   Thumb Code    24  stm32f10x_usart.o(.text)
    USART_SendData                           0x08001e05   Thumb Code     8  stm32f10x_usart.o(.text)
    USART_ReceiveData                        0x08001e0d   Thumb Code    10  stm32f10x_usart.o(.text)
    USART_SendBreak                          0x08001e17   Thumb Code    10  stm32f10x_usart.o(.text)
    USART_SetGuardTime                       0x08001e21   Thumb Code    16  stm32f10x_usart.o(.text)
    USART_SetPrescaler                       0x08001e31   Thumb Code    16  stm32f10x_usart.o(.text)
    USART_SmartCardCmd                       0x08001e41   Thumb Code    24  stm32f10x_usart.o(.text)
    USART_SmartCardNACKCmd                   0x08001e59   Thumb Code    24  stm32f10x_usart.o(.text)
    USART_HalfDuplexCmd                      0x08001e71   Thumb Code    24  stm32f10x_usart.o(.text)
    USART_OverSampling8Cmd                   0x08001e89   Thumb Code    22  stm32f10x_usart.o(.text)
    USART_OneBitMethodCmd                    0x08001e9f   Thumb Code    24  stm32f10x_usart.o(.text)
    USART_IrDAConfig                         0x08001eb7   Thumb Code    18  stm32f10x_usart.o(.text)
    USART_IrDACmd                            0x08001ec9   Thumb Code    24  stm32f10x_usart.o(.text)
    USART_GetFlagStatus                      0x08001ee1   Thumb Code    26  stm32f10x_usart.o(.text)
    USART_ClearFlag                          0x08001efb   Thumb Code    18  stm32f10x_usart.o(.text)
    USART_GetITStatus                        0x08001f0d   Thumb Code    84  stm32f10x_usart.o(.text)
    USART_ClearITPendingBit                  0x08001f61   Thumb Code    52  stm32f10x_usart.o(.text)
    NVIC_PriorityGroupConfig                 0x08001f95   Thumb Code    10  misc.o(.text)
    NVIC_Init                                0x08001f9f   Thumb Code   100  misc.o(.text)
    NVIC_SetVectorTable                      0x08002003   Thumb Code    14  misc.o(.text)
    NVIC_SystemLPConfig                      0x08002011   Thumb Code    34  misc.o(.text)
    SysTick_CLKSourceConfig                  0x08002033   Thumb Code    40  misc.o(.text)
    TIM_DeInit                               0x08002071   Thumb Code   424  stm32f10x_tim.o(.text)
    TIM_TimeBaseInit                         0x08002219   Thumb Code   122  stm32f10x_tim.o(.text)
    TIM_OC1Init                              0x08002293   Thumb Code   132  stm32f10x_tim.o(.text)
    TIM_OC2Init                              0x08002317   Thumb Code   154  stm32f10x_tim.o(.text)
    TIM_OC3Init                              0x080023b1   Thumb Code   150  stm32f10x_tim.o(.text)
    TIM_OC4Init                              0x08002447   Thumb Code   182  stm32f10x_tim.o(.text)
    TIM_SetIC4Prescaler                      0x080024fd   Thumb Code    26  stm32f10x_tim.o(.text)
    TIM_SetIC3Prescaler                      0x08002599   Thumb Code    18  stm32f10x_tim.o(.text)
    TIM_SetIC2Prescaler                      0x08002625   Thumb Code    26  stm32f10x_tim.o(.text)
    TIM_SetIC1Prescaler                      0x080026c1   Thumb Code    18  stm32f10x_tim.o(.text)
    TIM_ICInit                               0x0800273f   Thumb Code   150  stm32f10x_tim.o(.text)
    TIM_PWMIConfig                           0x080027d5   Thumb Code   124  stm32f10x_tim.o(.text)
    TIM_BDTRConfig                           0x08002851   Thumb Code    32  stm32f10x_tim.o(.text)
    TIM_TimeBaseStructInit                   0x08002871   Thumb Code    18  stm32f10x_tim.o(.text)
    TIM_OCStructInit                         0x08002883   Thumb Code    20  stm32f10x_tim.o(.text)
    TIM_ICStructInit                         0x08002897   Thumb Code    18  stm32f10x_tim.o(.text)
    TIM_BDTRStructInit                       0x080028a9   Thumb Code    40  stm32f10x_tim.o(.text)
    TIM_Cmd                                  0x080028d1   Thumb Code    24  stm32f10x_tim.o(.text)
    TIM_CtrlPWMOutputs                       0x080028e9   Thumb Code    30  stm32f10x_tim.o(.text)
    TIM_ITConfig                             0x08002907   Thumb Code    18  stm32f10x_tim.o(.text)
    TIM_GenerateEvent                        0x08002919   Thumb Code     4  stm32f10x_tim.o(.text)
    TIM_DMAConfig                            0x0800291d   Thumb Code    10  stm32f10x_tim.o(.text)
    TIM_DMACmd                               0x08002927   Thumb Code    18  stm32f10x_tim.o(.text)
    TIM_InternalClockConfig                  0x08002939   Thumb Code    12  stm32f10x_tim.o(.text)
    TIM_SelectInputTrigger                   0x08002945   Thumb Code    18  stm32f10x_tim.o(.text)
    TIM_ITRxExternalClockConfig              0x08002957   Thumb Code    24  stm32f10x_tim.o(.text)
    TIM_TIxExternalClockConfig               0x0800296f   Thumb Code    62  stm32f10x_tim.o(.text)
    TIM_ETRConfig                            0x080029ad   Thumb Code    28  stm32f10x_tim.o(.text)
    TIM_ETRClockMode1Config                  0x080029c9   Thumb Code    54  stm32f10x_tim.o(.text)
    TIM_ETRClockMode2Config                  0x080029ff   Thumb Code    32  stm32f10x_tim.o(.text)
    TIM_PrescalerConfig                      0x08002a1f   Thumb Code     6  stm32f10x_tim.o(.text)
    TIM_CounterModeConfig                    0x08002a25   Thumb Code    18  stm32f10x_tim.o(.text)
    TIM_EncoderInterfaceConfig               0x08002a37   Thumb Code    66  stm32f10x_tim.o(.text)
    TIM_ForcedOC1Config                      0x08002a79   Thumb Code    18  stm32f10x_tim.o(.text)
    TIM_ForcedOC2Config                      0x08002a8b   Thumb Code    26  stm32f10x_tim.o(.text)
    TIM_ForcedOC3Config                      0x08002aa5   Thumb Code    18  stm32f10x_tim.o(.text)
    TIM_ForcedOC4Config                      0x08002ab7   Thumb Code    26  stm32f10x_tim.o(.text)
    TIM_ARRPreloadConfig                     0x08002ad1   Thumb Code    24  stm32f10x_tim.o(.text)
    TIM_SelectCOM                            0x08002ae9   Thumb Code    24  stm32f10x_tim.o(.text)
    TIM_SelectCCDMA                          0x08002b01   Thumb Code    24  stm32f10x_tim.o(.text)
    TIM_CCPreloadControl                     0x08002b19   Thumb Code    24  stm32f10x_tim.o(.text)
    TIM_OC1PreloadConfig                     0x08002b31   Thumb Code    18  stm32f10x_tim.o(.text)
    TIM_OC2PreloadConfig                     0x08002b43   Thumb Code    26  stm32f10x_tim.o(.text)
    TIM_OC3PreloadConfig                     0x08002b5d   Thumb Code    18  stm32f10x_tim.o(.text)
    TIM_OC4PreloadConfig                     0x08002b6f   Thumb Code    26  stm32f10x_tim.o(.text)
    TIM_OC1FastConfig                        0x08002b89   Thumb Code    18  stm32f10x_tim.o(.text)
    TIM_OC2FastConfig                        0x08002b9b   Thumb Code    26  stm32f10x_tim.o(.text)
    TIM_OC3FastConfig                        0x08002bb5   Thumb Code    18  stm32f10x_tim.o(.text)
    TIM_OC4FastConfig                        0x08002bc7   Thumb Code    26  stm32f10x_tim.o(.text)
    TIM_ClearOC1Ref                          0x08002be1   Thumb Code    18  stm32f10x_tim.o(.text)
    TIM_ClearOC2Ref                          0x08002bf3   Thumb Code    24  stm32f10x_tim.o(.text)
    TIM_ClearOC3Ref                          0x08002c0b   Thumb Code    18  stm32f10x_tim.o(.text)
    TIM_ClearOC4Ref                          0x08002c1d   Thumb Code    24  stm32f10x_tim.o(.text)
    TIM_OC1PolarityConfig                    0x08002c35   Thumb Code    18  stm32f10x_tim.o(.text)
    TIM_OC1NPolarityConfig                   0x08002c47   Thumb Code    18  stm32f10x_tim.o(.text)
    TIM_OC2PolarityConfig                    0x08002c59   Thumb Code    26  stm32f10x_tim.o(.text)
    TIM_OC2NPolarityConfig                   0x08002c73   Thumb Code    26  stm32f10x_tim.o(.text)
    TIM_OC3PolarityConfig                    0x08002c8d   Thumb Code    26  stm32f10x_tim.o(.text)
    TIM_OC3NPolarityConfig                   0x08002ca7   Thumb Code    26  stm32f10x_tim.o(.text)
    TIM_OC4PolarityConfig                    0x08002cc1   Thumb Code    26  stm32f10x_tim.o(.text)
    TIM_CCxCmd                               0x08002cdb   Thumb Code    30  stm32f10x_tim.o(.text)
    TIM_CCxNCmd                              0x08002cf9   Thumb Code    30  stm32f10x_tim.o(.text)
    TIM_SelectOCxM                           0x08002d17   Thumb Code    82  stm32f10x_tim.o(.text)
    TIM_UpdateDisableConfig                  0x08002d69   Thumb Code    24  stm32f10x_tim.o(.text)
    TIM_UpdateRequestConfig                  0x08002d81   Thumb Code    24  stm32f10x_tim.o(.text)
    TIM_SelectHallSensor                     0x08002d99   Thumb Code    24  stm32f10x_tim.o(.text)
    TIM_SelectOnePulseMode                   0x08002db1   Thumb Code    18  stm32f10x_tim.o(.text)
    TIM_SelectOutputTrigger                  0x08002dc3   Thumb Code    18  stm32f10x_tim.o(.text)
    TIM_SelectSlaveMode                      0x08002dd5   Thumb Code    18  stm32f10x_tim.o(.text)
    TIM_SelectMasterSlaveMode                0x08002de7   Thumb Code    18  stm32f10x_tim.o(.text)
    TIM_SetCounter                           0x08002df9   Thumb Code     4  stm32f10x_tim.o(.text)
    TIM_SetAutoreload                        0x08002dfd   Thumb Code     4  stm32f10x_tim.o(.text)
    TIM_SetCompare1                          0x08002e01   Thumb Code     4  stm32f10x_tim.o(.text)
    TIM_SetCompare2                          0x08002e05   Thumb Code     4  stm32f10x_tim.o(.text)
    TIM_SetCompare3                          0x08002e09   Thumb Code     4  stm32f10x_tim.o(.text)
    TIM_SetCompare4                          0x08002e0d   Thumb Code     6  stm32f10x_tim.o(.text)
    TIM_SetClockDivision                     0x08002e13   Thumb Code    18  stm32f10x_tim.o(.text)
    TIM_GetCapture1                          0x08002e25   Thumb Code     6  stm32f10x_tim.o(.text)
    TIM_GetCapture2                          0x08002e2b   Thumb Code     6  stm32f10x_tim.o(.text)
    TIM_GetCapture3                          0x08002e31   Thumb Code     6  stm32f10x_tim.o(.text)
    TIM_GetCapture4                          0x08002e37   Thumb Code     8  stm32f10x_tim.o(.text)
    TIM_GetCounter                           0x08002e3f   Thumb Code     6  stm32f10x_tim.o(.text)
    TIM_GetPrescaler                         0x08002e45   Thumb Code     6  stm32f10x_tim.o(.text)
    TIM_GetFlagStatus                        0x08002e4b   Thumb Code    18  stm32f10x_tim.o(.text)
    TIM_ClearFlag                            0x08002e5d   Thumb Code     6  stm32f10x_tim.o(.text)
    TIM_GetITStatus                          0x08002e63   Thumb Code    34  stm32f10x_tim.o(.text)
    TIM_ClearITPendingBit                    0x08002e85   Thumb Code     6  stm32f10x_tim.o(.text)
    CAN_DeInit                               0x08002e8d   Thumb Code    50  stm32f10x_can.o(.text)
    CAN_Init                                 0x08002ebf   Thumb Code   276  stm32f10x_can.o(.text)
    CAN_FilterInit                           0x08002fd3   Thumb Code   258  stm32f10x_can.o(.text)
    CAN_StructInit                           0x080030d5   Thumb Code    32  stm32f10x_can.o(.text)
    CAN_SlaveStartBank                       0x080030f5   Thumb Code    48  stm32f10x_can.o(.text)
    CAN_DBGFreeze                            0x08003125   Thumb Code    22  stm32f10x_can.o(.text)
    CAN_TTComModeCmd                         0x0800313b   Thumb Code   118  stm32f10x_can.o(.text)
    CAN_Transmit                             0x080031b1   Thumb Code   304  stm32f10x_can.o(.text)
    CAN_TransmitStatus                       0x080032e1   Thumb Code   138  stm32f10x_can.o(.text)
    CAN_CancelTransmit                       0x0800336b   Thumb Code    48  stm32f10x_can.o(.text)
    CAN_Receive                              0x0800339b   Thumb Code   240  stm32f10x_can.o(.text)
    CAN_FIFORelease                          0x0800348b   Thumb Code    22  stm32f10x_can.o(.text)
    CAN_MessagePending                       0x080034a1   Thumb Code    30  stm32f10x_can.o(.text)
    CAN_OperatingModeRequest                 0x080034bf   Thumb Code   162  stm32f10x_can.o(.text)
    CAN_Sleep                                0x08003561   Thumb Code    30  stm32f10x_can.o(.text)
    CAN_WakeUp                               0x0800357f   Thumb Code    48  stm32f10x_can.o(.text)
    CAN_GetLastErrorCode                     0x080035af   Thumb Code    12  stm32f10x_can.o(.text)
    CAN_GetReceiveErrorCounter               0x080035bb   Thumb Code    10  stm32f10x_can.o(.text)
    CAN_GetLSBTransmitErrorCounter           0x080035c5   Thumb Code    12  stm32f10x_can.o(.text)
    CAN_ITConfig                             0x080035d1   Thumb Code    18  stm32f10x_can.o(.text)
    CAN_GetFlagStatus                        0x080035e3   Thumb Code   120  stm32f10x_can.o(.text)
    CAN_ClearFlag                            0x0800365b   Thumb Code    52  stm32f10x_can.o(.text)
    CAN_GetITStatus                          0x080036a1   Thumb Code   310  stm32f10x_can.o(.text)
    CAN_ClearITPendingBit                    0x080037d7   Thumb Code   162  stm32f10x_can.o(.text)
    IWDG_WriteAccessCmd                      0x0800387d   Thumb Code     6  stm32f10x_iwdg.o(.text)
    IWDG_SetPrescaler                        0x08003883   Thumb Code     6  stm32f10x_iwdg.o(.text)
    IWDG_SetReload                           0x08003889   Thumb Code     6  stm32f10x_iwdg.o(.text)
    IWDG_ReloadCounter                       0x0800388f   Thumb Code    10  stm32f10x_iwdg.o(.text)
    IWDG_Enable                              0x08003899   Thumb Code    10  stm32f10x_iwdg.o(.text)
    IWDG_GetFlagStatus                       0x080038a3   Thumb Code    20  stm32f10x_iwdg.o(.text)
    __aeabi_fmul                             0x080038bd   Thumb Code   100  fmul.o(.text)
    __aeabi_fdiv                             0x08003921   Thumb Code   124  fdiv.o(.text)
    __aeabi_ddiv                             0x0800399d   Thumb Code   222  ddiv.o(.text)
    __aeabi_ui2f                             0x08003a7b   Thumb Code    10  ffltui.o(.text)
    __aeabi_f2uiz                            0x08003a85   Thumb Code    40  ffixui.o(.text)
    __aeabi_f2d                              0x08003aad   Thumb Code    38  f2d.o(.text)
    __aeabi_d2f                              0x08003ad3   Thumb Code    56  d2f.o(.text)
    __I$use$fp                               0x08003b0b   Thumb Code     0  iusefp.o(.text)
    _float_round                             0x08003b0b   Thumb Code    18  fepilogue.o(.text)
    _float_epilogue                          0x08003b1d   Thumb Code    92  fepilogue.o(.text)
    _double_round                            0x08003b79   Thumb Code    30  depilogue.o(.text)
    _double_epilogue                         0x08003b97   Thumb Code   156  depilogue.o(.text)
    __scatterload                            0x08003c35   Thumb Code    28  init.o(.text)
    __scatterload_rt2                        0x08003c35   Thumb Code     0  init.o(.text)
    __aeabi_llsl                             0x08003c59   Thumb Code    30  llshl.o(.text)
    _ll_shift_l                              0x08003c59   Thumb Code     0  llshl.o(.text)
    __aeabi_llsr                             0x08003c77   Thumb Code    32  llushr.o(.text)
    _ll_ushift_r                             0x08003c77   Thumb Code     0  llushr.o(.text)
    __decompress                             0x08003c97   Thumb Code     0  __dczerorl2.o(.text)
    __decompress1                            0x08003c97   Thumb Code    86  __dczerorl2.o(.text)
    __scatterload_copy                       0x08003ced   Thumb Code    14  handlers.o(i.__scatterload_copy)
    __scatterload_null                       0x08003cfb   Thumb Code     2  handlers.o(i.__scatterload_null)
    __scatterload_zeroinit                   0x08003cfd   Thumb Code    14  handlers.o(i.__scatterload_zeroinit)
    free                                     0x08003d0d   Thumb Code    76  malloc.o(i.free)
    malloc                                   0x08003d5d   Thumb Code    92  malloc.o(i.malloc)
    Region$$Table$$Base                      0x08003dc8   Number         0  anon$$obj.o(Region$$Table)
    Region$$Table$$Limit                     0x08003de8   Number         0  anon$$obj.o(Region$$Table)
    pwm_value_1                              0x20000000   Data           4  main.o(.data)
    pwm_value_2                              0x20000004   Data           4  main.o(.data)
    dac_value_1                              0x20000008   Data           4  main.o(.data)
    dac_value_2                              0x2000000c   Data           4  main.o(.data)
    pwm_frequency                            0x20000010   Data           4  main.o(.data)
    add_frequency                            0x20000014   Data           1  main.o(.data)
    dec_frequency                            0x20000015   Data           1  main.o(.data)
    key_count                                0x20000016   Data           1  main.o(.data)
    test                                     0x20000017   Data           6  main.o(.data)
    old_moment_count                         0x2000001d   Data           1  main.o(.data)
    SIMU_ARRY                                0x20000020   Data         248  main.o(.data)
    old_EH                                   0x20000118   Data          60  main.o(.data)
    rev_long                                 0x20000154   Data           1  main.o(.data)
    TIM7_INIT_COUNT                          0x20000158   Data           4  main.o(.data)
    first_flag                               0x2000015c   Data           1  main.o(.data)
    SystemCoreClock                          0x20000160   Data           4  system_stm32f10x.o(.data)
    AHBPrescTable                            0x20000164   Data          16  system_stm32f10x.o(.data)
    Tim1count                                0x20000174   Data           4  pwm.o(.data)
    Tim2count                                0x20000178   Data           4  pwm.o(.data)
    Tim3count                                0x2000017c   Data           4  pwm.o(.data)
    Tim4count                                0x20000180   Data           4  pwm.o(.data)
    Tim5count                                0x20000184   Data           4  pwm.o(.data)
    Tim6count                                0x20000188   Data           4  pwm.o(.data)
    Tim7count                                0x2000018c   Data           4  pwm.o(.data)
    test_count                               0x20000190   Data           1  pwm.o(.data)
    FAN_ZHUAN_FLAG                           0x20000191   Data           1  pwm.o(.data)
    mos_out_gpio                             0x20000194   Data          80  pwm.o(.data)
    arrycount                                0x200001e4   Data           1  can.o(.data)
    selfcount                                0x200001e5   Data           1  can.o(.data)
    RxBuf                                    0x200001e6   Data           8  can.o(.data)
    TIM2CH1_CAPTURE_STA                      0x200001ee   Data           1  pwm_cap.o(.data)
    TIM2CH1_CAPTURE_VAL                      0x200001f0   Data           2  pwm_cap.o(.data)
    TIM2CH2_CAPTURE_STA                      0x200001f2   Data           1  pwm_cap.o(.data)
    TIM2CH2_CAPTURE_VAL                      0x200001f4   Data           2  pwm_cap.o(.data)
    TIM2CH3_CAPTURE_STA                      0x200001f6   Data           1  pwm_cap.o(.data)
    TIM2CH3_CAPTURE_VAL                      0x200001f8   Data           2  pwm_cap.o(.data)
    Timer2_Counter                           0x200001fa   Data           2  pwm_cap.o(.data)
    PRM_Count                                0x200001fc   Data           2  pwm_cap.o(.data)
    PRM_Hflag                                0x200001fe   Data           2  pwm_cap.o(.data)
    key_PRM_Count                            0x20000200   Data           2  pwm_cap.o(.data)
    old_en_count                             0x20000202   Data           1  pwm_cap.o(.data)
    timeflag                                 0x20000204   Data           2  pwm_cap.o(.data)
    high_data_flag                           0x20000206   Data           1  pwm_cap.o(.data)
    start_time_count                         0x20000208   Data           2  pwm_cap.o(.data)
    fbits                                    0x2000020a   Data           1  key.o(.data)
    key_sta                                  0x2000020b   Data           1  key.o(.data)
    test_key                                 0x2000020c   Data           1  key.o(.data)
    key_value                                0x2000020d   Data           1  key.o(.data)
    __stdout                                 0x20000218   Data           4  usart.o(.data)
    USART_RX_STA                             0x2000021c   Data           2  usart.o(.data)
    __microlib_freelist                      0x20000234   Data           4  mvars.o(.data)
    __microlib_freelist_initialised          0x20000238   Data           4  mvars.o(.data)
    USART_RX_BUF                             0x2000023c   Data         200  usart.o(.bss)
    __heap_base                              0x20000308   Data           0  startup_stm32f10x_hd.o(HEAP)
    __heap_limit                             0x20000508   Data           0  startup_stm32f10x_hd.o(HEAP)
    __initial_sp                             0x20000908   Data           0  startup_stm32f10x_hd.o(STACK)



==============================================================================

Memory Map of the image

  Image Entry point : 0x08000131

  Load Region LR_IROM1 (Base: 0x08000000, Size: 0x00004024, Max: 0x00040000, ABSOLUTE, COMPRESSED[0x00003ed0])

    Execution Region ER_IROM1 (Base: 0x08000000, Size: 0x00003de8, Max: 0x00040000, ABSOLUTE)

    Base Addr    Size         Type   Attr      Idx    E Section Name        Object

    0x08000000   0x00000130   Data   RO          379    RESET               startup_stm32f10x_hd.o
    0x08000130   0x00000000   Code   RO          470  * .ARM.Collect$$$$00000000  mc_w.l(entry.o)
    0x08000130   0x00000004   Code   RO          515    .ARM.Collect$$$$00000001  mc_w.l(entry2.o)
    0x08000134   0x00000004   Code   RO          518    .ARM.Collect$$$$00000004  mc_w.l(entry5.o)
    0x08000138   0x00000000   Code   RO          520    .ARM.Collect$$$$00000008  mc_w.l(entry7b.o)
    0x08000138   0x00000000   Code   RO          522    .ARM.Collect$$$$0000000A  mc_w.l(entry8b.o)
    0x08000138   0x00000008   Code   RO          523    .ARM.Collect$$$$0000000B  mc_w.l(entry9a.o)
    0x08000140   0x00000000   Code   RO          525    .ARM.Collect$$$$0000000D  mc_w.l(entry10a.o)
    0x08000140   0x00000000   Code   RO          527    .ARM.Collect$$$$0000000F  mc_w.l(entry11a.o)
    0x08000140   0x00000004   Code   RO          516    .ARM.Collect$$$$00002712  mc_w.l(entry2.o)
    0x08000144   0x00000140   Code   RO            1    .text               main.o
    0x08000284   0x0000001a   Code   RO          145    .text               stm32f10x_it.o
    0x0800029e   0x00000002   PAD
    0x080002a0   0x000001e0   Code   RO          186    .text               system_stm32f10x.o
    0x08000480   0x000006b8   Code   RO          216    .text               pwm.o
    0x08000b38   0x0000026c   Code   RO          242    .text               can.o
    0x08000da4   0x0000013c   Code   RO          265    .text               pwm_cap.o
    0x08000ee0   0x00000344   Code   RO          283    .text               key.o
    0x08001224   0x0000002c   Code   RO          301    .text               watchdog.o
    0x08001250   0x000000d4   Code   RO          313    .text               delay.o
    0x08001324   0x00000144   Code   RO          344    .text               usart.o
    0x08001468   0x00000024   Code   RO          380    .text               startup_stm32f10x_hd.o
    0x0800148c   0x0000035c   Code   RO          384    .text               stm32f10x_gpio.o
    0x080017e8   0x000003a4   Code   RO          396    .text               stm32f10x_rcc.o
    0x08001b8c   0x00000408   Code   RO          410    .text               stm32f10x_usart.o
    0x08001f94   0x000000dc   Code   RO          422    .text               misc.o
    0x08002070   0x00000e1a   Code   RO          434    .text               stm32f10x_tim.o
    0x08002e8a   0x00000002   PAD
    0x08002e8c   0x000009f0   Code   RO          446    .text               stm32f10x_can.o
    0x0800387c   0x00000040   Code   RO          458    .text               stm32f10x_iwdg.o
    0x080038bc   0x00000064   Code   RO          501    .text               mf_w.l(fmul.o)
    0x08003920   0x0000007c   Code   RO          503    .text               mf_w.l(fdiv.o)
    0x0800399c   0x000000de   Code   RO          505    .text               mf_w.l(ddiv.o)
    0x08003a7a   0x0000000a   Code   RO          507    .text               mf_w.l(ffltui.o)
    0x08003a84   0x00000028   Code   RO          509    .text               mf_w.l(ffixui.o)
    0x08003aac   0x00000026   Code   RO          511    .text               mf_w.l(f2d.o)
    0x08003ad2   0x00000038   Code   RO          513    .text               mf_w.l(d2f.o)
    0x08003b0a   0x00000000   Code   RO          535    .text               mc_w.l(iusefp.o)
    0x08003b0a   0x0000006e   Code   RO          536    .text               mf_w.l(fepilogue.o)
    0x08003b78   0x000000ba   Code   RO          538    .text               mf_w.l(depilogue.o)
    0x08003c32   0x00000002   PAD
    0x08003c34   0x00000024   Code   RO          540    .text               mc_w.l(init.o)
    0x08003c58   0x0000001e   Code   RO          542    .text               mc_w.l(llshl.o)
    0x08003c76   0x00000020   Code   RO          544    .text               mc_w.l(llushr.o)
    0x08003c96   0x00000056   Code   RO          554    .text               mc_w.l(__dczerorl2.o)
    0x08003cec   0x0000000e   Code   RO          548    i.__scatterload_copy  mc_w.l(handlers.o)
    0x08003cfa   0x00000002   Code   RO          549    i.__scatterload_null  mc_w.l(handlers.o)
    0x08003cfc   0x0000000e   Code   RO          550    i.__scatterload_zeroinit  mc_w.l(handlers.o)
    0x08003d0a   0x00000002   PAD
    0x08003d0c   0x00000050   Code   RO          473    i.free              mc_w.l(malloc.o)
    0x08003d5c   0x0000006c   Code   RO          474    i.malloc            mc_w.l(malloc.o)
    0x08003dc8   0x00000020   Data   RO          546    Region$$Table       anon$$obj.o


    Execution Region RW_IRAM1 (Base: 0x20000000, Size: 0x00000908, Max: 0x0000c000, ABSOLUTE, COMPRESSED[0x000000e8])

    Base Addr    Size         Type   Attr      Idx    E Section Name        Object

    0x20000000   0x0000015d   Data   RW            3    .data               main.o
    0x2000015d   0x00000003   PAD
    0x20000160   0x00000014   Data   RW          187    .data               system_stm32f10x.o
    0x20000174   0x00000070   Data   RW          217    .data               pwm.o
    0x200001e4   0x0000000a   Data   RW          244    .data               can.o
    0x200001ee   0x0000001c   Data   RW          266    .data               pwm_cap.o
    0x2000020a   0x00000009   Data   RW          284    .data               key.o
    0x20000213   0x00000001   PAD
    0x20000214   0x00000004   Data   RW          314    .data               delay.o
    0x20000218   0x00000006   Data   RW          346    .data               usart.o
    0x2000021e   0x00000014   Data   RW          397    .data               stm32f10x_rcc.o
    0x20000232   0x00000002   PAD
    0x20000234   0x00000004   Data   RW          533    .data               mc_w.l(mvars.o)
    0x20000238   0x00000004   Data   RW          534    .data               mc_w.l(mvars.o)
    0x2000023c   0x000000c8   Zero   RW          345    .bss                usart.o
    0x20000304   0x00000004   PAD
    0x20000308   0x00000200   Zero   RW          378    HEAP                startup_stm32f10x_hd.o
    0x20000508   0x00000400   Zero   RW          377    STACK               startup_stm32f10x_hd.o


==============================================================================

Image component sizes


      Code (inc. data)   RO Data    RW Data    ZI Data      Debug   Object Name

       620         30          0         10          0       3656   can.o
       212         18          0          4          0       1067   delay.o
       836         44          0          9          0       3129   key.o
       320         30          0        349          0     263459   main.o
       220         22          0          0          0       1825   misc.o
      1720         90          0        112          0       5617   pwm.o
       316         16          0         28          0       1825   pwm_cap.o
        36          8        304          0       1536        788   startup_stm32f10x_hd.o
      2544         38          0          0          0       8052   stm32f10x_can.o
       860         38          0          0          0       5757   stm32f10x_gpio.o
        26          0          0          0          0       1190   stm32f10x_it.o
        64          6          0          0          0       1289   stm32f10x_iwdg.o
       932         36          0         20          0       8944   stm32f10x_rcc.o
      3610         88          0          0          0      22864   stm32f10x_tim.o
      1032         22          0          0          0       8480   stm32f10x_usart.o
         0          0          0          0          0         32   sys.o
       480         38          0         20          0       1775   system_stm32f10x.o
       324         16          0          6        200       3210   usart.o
        44          0          0          0          0        694   watchdog.o

    ----------------------------------------------------------------------
     14200        540        336        564       1740     343653   Object Totals
         0          0         32          0          0          0   (incl. Generated)
         4          0          0          6          4          0   (incl. Padding)

    ----------------------------------------------------------------------

      Code (inc. data)   RO Data    RW Data    ZI Data      Debug   Library Member Name

        86          0          0          0          0          0   __dczerorl2.o
         0          0          0          0          0          0   entry.o
         0          0          0          0          0          0   entry10a.o
         0          0          0          0          0          0   entry11a.o
         8          4          0          0          0          0   entry2.o
         4          0          0          0          0          0   entry5.o
         0          0          0          0          0          0   entry7b.o
         0          0          0          0          0          0   entry8b.o
         8          4          0          0          0          0   entry9a.o
        30          0          0          0          0          0   handlers.o
        36          8          0          0          0         68   init.o
         0          0          0          0          0          0   iusefp.o
        30          0          0          0          0         68   llshl.o
        32          0          0          0          0         68   llushr.o
       188         20          0          0          0        160   malloc.o
         0          0          0          8          0          0   mvars.o
        56          0          0          0          0         88   d2f.o
       222          0          0          0          0        100   ddiv.o
       186          0          0          0          0        176   depilogue.o
        38          0          0          0          0         68   f2d.o
       124          0          0          0          0         88   fdiv.o
       110          0          0          0          0        168   fepilogue.o
        40          0          0          0          0         68   ffixui.o
        10          0          0          0          0         68   ffltui.o
       100          0          0          0          0         76   fmul.o

    ----------------------------------------------------------------------
      1312         36          0          8          0       1264   Library Totals
         4          0          0          0          0          0   (incl. Padding)

    ----------------------------------------------------------------------

      Code (inc. data)   RO Data    RW Data    ZI Data      Debug   Library Name

       422         36          0          8          0        364   mc_w.l
       886          0          0          0          0        900   mf_w.l

    ----------------------------------------------------------------------
      1312         36          0          8          0       1264   Library Totals

    ----------------------------------------------------------------------

==============================================================================


      Code (inc. data)   RO Data    RW Data    ZI Data      Debug   

     15512        576        336        572       1740     343173   Grand Totals
     15512        576        336        232       1740     343173   ELF Image Totals (compressed)
     15512        576        336        232          0          0   ROM Totals

==============================================================================

    Total RO  Size (Code + RO Data)                15848 (  15.48kB)
    Total RW  Size (RW Data + ZI Data)              2312 (   2.26kB)
    Total ROM Size (Code + RO Data + RW Data)      16080 (  15.70kB)

==============================================================================

